app/(tabs)/category.tsx(4,8): error TS1259: Module '"C:/Users/UNIPRO/Desktop/POS_Unipro/cafe_pos/node_modules/@types/react/index"' can only be default-imported using the 'esModuleInterop' flag
app/(tabs)/category.tsx(328,7): error TS17004: Cannot use JSX unless the '--jsx' flag is provided.
app/(tabs)/category.tsx(404,11): error TS17004: Cannot use JSX unless the '--jsx' flag is provided.
app/(tabs)/category.tsx(405,13): error TS17004: Cannot use JSX unless the '--jsx' flag is provided.
app/(tabs)/category.tsx(406,13): error TS17004: Cannot use JSX unless the '--jsx' flag is provided.
app/(tabs)/category.tsx(410,9): error TS17004: Cannot use JSX unless the '--jsx' flag is provided.
app/(tabs)/category.tsx(411,11): error TS17004: Cannot use JSX unless the '--jsx' flag is provided.
app/(tabs)/category.tsx(415,13): error TS17004: Cannot use JSX unless the '--jsx' flag is provided.
app/(tabs)/category.tsx(416,15): error TS17004: Cannot use JSX unless the '--jsx' flag is provided.
app/(tabs)/category.tsx(419,15): error TS17004: Cannot use JSX unless the '--jsx' flag is provided.
app/(tabs)/category.tsx(422,15): error TS17004: Cannot use JSX unless the '--jsx' flag is provided.
app/(tabs)/category.tsx(434,7): error TS17004: Cannot use JSX unless the '--jsx' flag is provided.
app/(tabs)/category.tsx(435,9): error TS17004: Cannot use JSX unless the '--jsx' flag is provided.
app/(tabs)/category.tsx(436,9): error TS17004: Cannot use JSX unless the '--jsx' flag is provided.
app/(tabs)/category.tsx(442,5): error TS17004: Cannot use JSX unless the '--jsx' flag is provided.
app/(tabs)/category.tsx(443,7): error TS17004: Cannot use JSX unless the '--jsx' flag is provided.
app/(tabs)/category.tsx(449,9): error TS17004: Cannot use JSX unless the '--jsx' flag is provided.
app/(tabs)/category.tsx(452,9): error TS17004: Cannot use JSX unless the '--jsx' flag is provided.
app/(tabs)/category.tsx(461,11): error TS17004: Cannot use JSX unless the '--jsx' flag is provided.
app/(tabs)/category.tsx(464,11): error TS17004: Cannot use JSX unless the '--jsx' flag is provided.
app/(tabs)/category.tsx(465,13): error TS2769: No overload matches this call.
  Overload 1 of 2, '(props: ScrollViewProps): ScrollView', gave the following error.
    Type '{ ref: RefObject<ScrollView>; horizontal: true; showsHorizontalScrollIndicator: false; contentContainerStyle: { alignItems: "center"; paddingHorizontal: number; }; style: { ...; }; }' is not assignable to type 'ScrollViewProps'.
      Property 'ref' does not exist on type 'ScrollViewProps'.
  Overload 2 of 2, '(props: ScrollViewProps, context: any): ScrollView', gave the following error.
    Type '{ ref: RefObject<ScrollView>; horizontal: true; showsHorizontalScrollIndicator: false; contentContainerStyle: { alignItems: "center"; paddingHorizontal: number; }; style: { ...; }; }' is not assignable to type 'ScrollViewProps'.
      Property 'ref' does not exist on type 'ScrollViewProps'.
app/(tabs)/category.tsx(471,13): error TS17004: Cannot use JSX unless the '--jsx' flag is provided.
app/(tabs)/category.tsx(478,19): error TS17004: Cannot use JSX unless the '--jsx' flag is provided.
app/(tabs)/category.tsx(487,21): error TS17004: Cannot use JSX unless the '--jsx' flag is provided.
app/(tabs)/category.tsx(488,23): error TS17004: Cannot use JSX unless the '--jsx' flag is provided.
app/(tabs)/category.tsx(492,21): error TS17004: Cannot use JSX unless the '--jsx' flag is provided.
app/(tabs)/category.tsx(502,23): error TS17004: Cannot use JSX unless the '--jsx' flag is provided.
app/(tabs)/category.tsx(503,25): error TS17004: Cannot use JSX unless the '--jsx' flag is provided.
app/(tabs)/category.tsx(515,11): error TS17004: Cannot use JSX unless the '--jsx' flag is provided.
app/(tabs)/category.tsx(516,13): error TS17004: Cannot use JSX unless the '--jsx' flag is provided.
app/(tabs)/category.tsx(521,15): error TS17004: Cannot use JSX unless the '--jsx' flag is provided.
app/(tabs)/category.tsx(523,17): error TS17004: Cannot use JSX unless the '--jsx' flag is provided.
app/(tabs)/category.tsx(527,13): error TS17004: Cannot use JSX unless the '--jsx' flag is provided.
app/(tabs)/category.tsx(532,15): error TS17004: Cannot use JSX unless the '--jsx' flag is provided.
app/(tabs)/category.tsx(534,17): error TS17004: Cannot use JSX unless the '--jsx' flag is provided.
app/(tabs)/category.tsx(537,17): error TS17004: Cannot use JSX unless the '--jsx' flag is provided.
app/(tabs)/category.tsx(538,19): error TS17004: Cannot use JSX unless the '--jsx' flag is provided.
app/(tabs)/category.tsx(545,13): error TS17004: Cannot use JSX unless the '--jsx' flag is provided.
app/(tabs)/category.tsx(550,15): error TS17004: Cannot use JSX unless the '--jsx' flag is provided.
app/(tabs)/category.tsx(552,17): error TS17004: Cannot use JSX unless the '--jsx' flag is provided.
app/(tabs)/category.tsx(556,13): error TS17004: Cannot use JSX unless the '--jsx' flag is provided.
app/(tabs)/category.tsx(561,15): error TS17004: Cannot use JSX unless the '--jsx' flag is provided.
app/(tabs)/category.tsx(563,17): error TS17004: Cannot use JSX unless the '--jsx' flag is provided.
app/(tabs)/category.tsx(570,9): error TS17004: Cannot use JSX unless the '--jsx' flag is provided.
app/(tabs)/category.tsx(571,11): error TS17004: Cannot use JSX unless the '--jsx' flag is provided.
app/(tabs)/category.tsx(572,13): error TS17004: Cannot use JSX unless the '--jsx' flag is provided.
app/(tabs)/category.tsx(573,13): error TS17004: Cannot use JSX unless the '--jsx' flag is provided.
app/(tabs)/category.tsx(576,13): error TS17004: Cannot use JSX unless the '--jsx' flag is provided.
app/(tabs)/category.tsx(577,15): error TS17004: Cannot use JSX unless the '--jsx' flag is provided.
app/(tabs)/category.tsx(582,15): error TS17004: Cannot use JSX unless the '--jsx' flag is provided.
app/(tabs)/category.tsx(583,17): error TS17004: Cannot use JSX unless the '--jsx' flag is provided.
app/(tabs)/category.tsx(584,17): error TS17004: Cannot use JSX unless the '--jsx' flag is provided.
app/(tabs)/category.tsx(591,9): error TS17004: Cannot use JSX unless the '--jsx' flag is provided.
app/(tabs)/category.tsx(593,11): error TS2769: No overload matches this call.
  Overload 1 of 2, '(props: FlatListProps<TableItem>): FlatList<TableItem>', gave the following error.
    Type '{ data: TableItem[]; key: number; numColumns: number; keyExtractor: (item: TableItem) => string; renderItem: ({ item }: { item: TableItem; }) => any; columnWrapperStyle: { ...; }; contentContainerStyle: { ...; }; showsVerticalScrollIndicator: false; ListEmptyComponent: any; }' is not assignable to type 'FlatListProps<TableItem>'.
      Property 'key' does not exist on type 'FlatListProps<TableItem>'.
  Overload 2 of 2, '(props: FlatListProps<TableItem>, context: any): FlatList<TableItem>', gave the following error.
    Type '{ data: TableItem[]; key: number; numColumns: number; keyExtractor: (item: TableItem) => string; renderItem: ({ item }: { item: TableItem; }) => any; columnWrapperStyle: { ...; }; contentContainerStyle: { ...; }; showsVerticalScrollIndicator: false; ListEmptyComponent: any; }' is not assignable to type 'FlatListProps<TableItem>'.
      Property 'key' does not exist on type 'FlatListProps<TableItem>'.
app/(tabs)/category.tsx(606,13): error TS17004: Cannot use JSX unless the '--jsx' flag is provided.
app/(tabs)/category.tsx(607,15): error TS17004: Cannot use JSX unless the '--jsx' flag is provided.
app/(tabs)/category.tsx(608,15): error TS17004: Cannot use JSX unless the '--jsx' flag is provided.
app/(tabs)/category.tsx(609,15): error TS17004: Cannot use JSX unless the '--jsx' flag is provided.
app/(tabs)/category.tsx(610,17): error TS17004: Cannot use JSX unless the '--jsx' flag is provided.
app/(tabs)/category.tsx(611,17): error TS17004: Cannot use JSX unless the '--jsx' flag is provided.
app/(tabs)/category.tsx(618,9): error TS17004: Cannot use JSX unless the '--jsx' flag is provided.
app/(tabs)/category.tsx(624,11): error TS17004: Cannot use JSX unless the '--jsx' flag is provided.
app/(tabs)/category.tsx(625,13): error TS17004: Cannot use JSX unless the '--jsx' flag is provided.
app/(tabs)/category.tsx(626,15): error TS17004: Cannot use JSX unless the '--jsx' flag is provided.
app/(tabs)/category.tsx(627,17): error TS17004: Cannot use JSX unless the '--jsx' flag is provided.
app/(tabs)/category.tsx(628,17): error TS17004: Cannot use JSX unless the '--jsx' flag is provided.
app/(tabs)/category.tsx(629,19): error TS17004: Cannot use JSX unless the '--jsx' flag is provided.
app/(tabs)/category.tsx(632,15): error TS17004: Cannot use JSX unless the '--jsx' flag is provided.
app/(tabs)/category.tsx(634,19): error TS17004: Cannot use JSX unless the '--jsx' flag is provided.
app/(tabs)/category.tsx(635,21): error TS17004: Cannot use JSX unless the '--jsx' flag is provided.
app/(tabs)/category.tsx(636,21): error TS17004: Cannot use JSX unless the '--jsx' flag is provided.
app/(tabs)/category.tsx(664,25): error TS2322: Type 'number' is not assignable to type 'string'.
app/(tabs)/category.tsx(675,25): error TS17004: Cannot use JSX unless the '--jsx' flag is provided.
app/(tabs)/category.tsx(675,31): error TS2769: No overload matches this call.
  Overload 1 of 2, '(props: ViewProps): View', gave the following error.
    Type '{ key: string; style: { backgroundColor: string; borderRadius: number; padding: number; marginBottom: number; borderWidth: number; borderColor: string; }; }' is not assignable to type 'ViewProps'.
      Property 'key' does not exist on type 'ViewProps'.
  Overload 2 of 2, '(props: ViewProps, context: any): View', gave the following error.
    Type '{ key: string; style: { backgroundColor: string; borderRadius: number; padding: number; marginBottom: number; borderWidth: number; borderColor: string; }; }' is not assignable to type 'ViewProps'.
      Property 'key' does not exist on type 'ViewProps'.
app/(tabs)/category.tsx(676,27): error TS17004: Cannot use JSX unless the '--jsx' flag is provided.
app/(tabs)/category.tsx(677,29): error TS17004: Cannot use JSX unless the '--jsx' flag is provided.
app/(tabs)/category.tsx(678,31): error TS17004: Cannot use JSX unless the '--jsx' flag is provided.
app/(tabs)/category.tsx(680,29): error TS17004: Cannot use JSX unless the '--jsx' flag is provided.
app/(tabs)/category.tsx(684,31): error TS17004: Cannot use JSX unless the '--jsx' flag is provided.
app/(tabs)/category.tsx(684,37): error TS2769: No overload matches this call.
  Overload 1 of 2, '(props: ViewProps): View', gave the following error.
    Type '{ key: number; style: { flexDirection: "row"; alignItems: "center"; paddingVertical: number; }; }' is not assignable to type 'ViewProps'.
      Property 'key' does not exist on type 'ViewProps'.
  Overload 2 of 2, '(props: ViewProps, context: any): View', gave the following error.
    Type '{ key: number; style: { flexDirection: "row"; alignItems: "center"; paddingVertical: number; }; }' is not assignable to type 'ViewProps'.
      Property 'key' does not exist on type 'ViewProps'.
app/(tabs)/category.tsx(685,33): error TS17004: Cannot use JSX unless the '--jsx' flag is provided.
app/(tabs)/category.tsx(686,33): error TS17004: Cannot use JSX unless the '--jsx' flag is provided.
app/(tabs)/category.tsx(689,33): error TS17004: Cannot use JSX unless the '--jsx' flag is provided.
app/(tabs)/category.tsx(695,29): error TS17004: Cannot use JSX unless the '--jsx' flag is provided.
node_modules/@expo/vector-icons/build/createIconSet.d.ts(1,8): error TS1259: Module '"C:/Users/UNIPRO/Desktop/POS_Unipro/cafe_pos/node_modules/@types/react/index"' can only be default-imported using the 'esModuleInterop' flag
node_modules/@expo/vector-icons/build/createIconSet.d.ts(25,18): error TS2320: Interface 'IconButtonProps<GLYPHS>' cannot simultaneously extend types 'IconProps<GLYPHS>' and 'TouchableHighlightProps'.
  Named property 'pressRetentionOffset' of types 'IconProps<GLYPHS>' and 'TouchableHighlightProps' are not identical.
node_modules/@react-navigation/core/lib/typescript/src/StaticNavigation.d.ts(37,27): error TS2315: Type 'StaticParamList' is not generic.
node_modules/@react-navigation/core/lib/typescript/src/StaticNavigation.d.ts(39,27): error TS2315: Type 'StaticParamList' is not generic.
node_modules/@react-navigation/core/lib/typescript/src/StaticNavigation.d.ts(134,13): error TS2456: Type alias 'StaticParamList' circularly references itself.
node_modules/@react-navigation/core/lib/typescript/src/useNavigationBuilder.d.ts(86,136): error TS2344: Type 'Omit<{ dispatch(action: Readonly<{ type: string; payload?: object; source?: string; target?: string; }> | ((state: Readonly<State>) => Readonly<{ type: string; payload?: object; source?: string; target?: string; }>)): void; ... 9 more ...; getState(): State; } & PrivateValueStore<...>, "getParent"> & ... 4 more ... ...' does not satisfy the constraint 'NavigationProp<any, any, any, any, any, any>'.
  Type 'Omit<{ dispatch(action: Readonly<{ type: string; payload?: object; source?: string; target?: string; }> | ((state: Readonly<State>) => Readonly<{ type: string; payload?: object; source?: string; target?: string; }>)): void; ... 9 more ...; getState(): State; } & PrivateValueStore<...>, "getParent"> & ... 4 more ... ...' is not assignable to type 'Omit<NavigationHelpersCommon<any, any>, "getParent">'.
    Types of property 'preload' are incompatible.
      Type '<RouteName extends string>(...args: RouteName extends unknown ? [screen: RouteName, params?: object] : never) => void' is not assignable to type '<RouteName extends string | number | symbol>(...args: RouteName extends unknown ? [screen: RouteName, params?: any] : never) => void'.
        Types of parameters 'screen' and 'args' are incompatible.
          Type 'RouteName extends unknown ? [screen: RouteName, params?: any] : never' is not assignable to type '[screen: string, params?: object]'.
            Type '[screen: string, params?: any] | [screen: number, params?: any] | [screen: symbol, params?: any]' is not assignable to type '[screen: string, params?: object]'.
              Type '[screen: number, params?: any]' is not assignable to type '[screen: string, params?: object]'.
                Type at position 0 in source is not compatible with type at position 0 in target.
                  Type 'number' is not assignable to type 'string'.
node_modules/@react-navigation/core/lib/typescript/src/useNavigationBuilder.d.ts(138,77): error TS2344: Type 'Omit<{ dispatch(action: Readonly<{ type: string; payload?: object; source?: string; target?: string; }> | ((state: Readonly<State>) => Readonly<{ type: string; payload?: object; source?: string; target?: string; }>)): void; ... 9 more ...; getState(): State; } & PrivateValueStore<...>, "getParent"> & ... 4 more ... ...' does not satisfy the constraint 'NavigationProp<any, any, any, any, any, any>'.
  Type 'Omit<{ dispatch(action: Readonly<{ type: string; payload?: object; source?: string; target?: string; }> | ((state: Readonly<State>) => Readonly<{ type: string; payload?: object; source?: string; target?: string; }>)): void; ... 9 more ...; getState(): State; } & PrivateValueStore<...>, "getParent"> & ... 4 more ... ...' is not assignable to type 'Omit<NavigationHelpersCommon<any, any>, "getParent">'.
    Types of property 'preload' are incompatible.
      Type '<RouteName extends string>(...args: RouteName extends unknown ? [screen: RouteName, params?: object] : never) => void' is not assignable to type '<RouteName extends string | number | symbol>(...args: RouteName extends unknown ? [screen: RouteName, params?: any] : never) => void'.
        Types of parameters 'screen' and 'args' are incompatible.
          Type 'RouteName extends unknown ? [screen: RouteName, params?: any] : never' is not assignable to type '[screen: string, params?: object]'.
            Type '[screen: string, params?: any] | [screen: number, params?: any] | [screen: symbol, params?: any]' is not assignable to type '[screen: string, params?: object]'.
              Type '[screen: number, params?: any]' is not assignable to type '[screen: string, params?: object]'.
                Type at position 0 in source is not compatible with type at position 0 in target.
                  Type 'number' is not assignable to type 'string'.
node_modules/@react-navigation/native-stack/lib/typescript/src/types.d.ts(3,58): error TS2305: Module '"react-native-screens"' has no exported member 'ScrollEdgeEffect'.
node_modules/@types/node/module.d.ts(742,13): error TS2403: Subsequent variable declarations must have the same type.  Variable 'require' must be of type 'NodeRequire', but here has type 'Require'.
node_modules/expo-blur/build/BlurView.d.ts(1,8): error TS1259: Module '"C:/Users/UNIPRO/Desktop/POS_Unipro/cafe_pos/node_modules/@types/react/index"' can only be default-imported using the 'esModuleInterop' flag
node_modules/expo-router/build/ExpoRoot.d.ts(1,8): error TS1259: Module '"C:/Users/UNIPRO/Desktop/POS_Unipro/cafe_pos/node_modules/@types/react/index"' can only be default-imported using the 'esModuleInterop' flag
node_modules/expo-router/build/layouts/TabsClient.d.ts(3,8): error TS1259: Module '"C:/Users/UNIPRO/Desktop/POS_Unipro/cafe_pos/node_modules/@types/react/index"' can only be default-imported using the 'esModuleInterop' flag
node_modules/expo-router/build/layouts/TabsClient.d.ts(16,210): error TS2344: Type 'unknown' does not satisfy the constraint 'boolean'.
node_modules/expo-router/build/layouts/TabsClient.d.ts(17,216): error TS2344: Type 'unknown' does not satisfy the constraint 'boolean'.
node_modules/expo-router/build/layouts/TabsClient.d.ts(18,212): error TS2344: Type 'unknown' does not satisfy the constraint 'boolean'.
node_modules/expo-router/build/layouts/TabsClient.d.ts(19,196): error TS2344: Type 'unknown' does not satisfy the constraint 'boolean'.
node_modules/expo-router/build/layouts/TabsClient.d.ts(20,194): error TS2344: Type 'unknown' does not satisfy the constraint 'boolean'.
node_modules/expo-router/build/layouts/TabsClient.d.ts(21,196): error TS2344: Type 'unknown' does not satisfy the constraint 'boolean'.
node_modules/expo-router/build/layouts/TabsClient.d.ts(28,210): error TS2344: Type 'unknown' does not satisfy the constraint 'boolean'.
node_modules/expo-router/build/layouts/TabsClient.d.ts(29,216): error TS2344: Type 'unknown' does not satisfy the constraint 'boolean'.
node_modules/expo-router/build/layouts/TabsClient.d.ts(30,212): error TS2344: Type 'unknown' does not satisfy the constraint 'boolean'.
node_modules/expo-router/build/layouts/TabsClient.d.ts(31,196): error TS2344: Type 'unknown' does not satisfy the constraint 'boolean'.
node_modules/expo-router/build/layouts/TabsClient.d.ts(32,194): error TS2344: Type 'unknown' does not satisfy the constraint 'boolean'.
node_modules/expo-router/build/layouts/TabsClient.d.ts(33,196): error TS2344: Type 'unknown' does not satisfy the constraint 'boolean'.
node_modules/expo-router/build/layouts/TabsClient.d.ts(65,210): error TS2344: Type 'unknown' does not satisfy the constraint 'boolean'.
node_modules/expo-router/build/layouts/TabsClient.d.ts(66,216): error TS2344: Type 'unknown' does not satisfy the constraint 'boolean'.
node_modules/expo-router/build/layouts/TabsClient.d.ts(67,212): error TS2344: Type 'unknown' does not satisfy the constraint 'boolean'.
node_modules/expo-router/build/layouts/TabsClient.d.ts(68,196): error TS2344: Type 'unknown' does not satisfy the constraint 'boolean'.
node_modules/expo-router/build/layouts/TabsClient.d.ts(69,194): error TS2344: Type 'unknown' does not satisfy the constraint 'boolean'.
node_modules/expo-router/build/layouts/TabsClient.d.ts(70,196): error TS2344: Type 'unknown' does not satisfy the constraint 'boolean'.
node_modules/expo-router/build/layouts/TabsClient.d.ts(77,210): error TS2344: Type 'unknown' does not satisfy the constraint 'boolean'.
node_modules/expo-router/build/layouts/TabsClient.d.ts(78,216): error TS2344: Type 'unknown' does not satisfy the constraint 'boolean'.
node_modules/expo-router/build/layouts/TabsClient.d.ts(79,212): error TS2344: Type 'unknown' does not satisfy the constraint 'boolean'.
node_modules/expo-router/build/layouts/TabsClient.d.ts(80,196): error TS2344: Type 'unknown' does not satisfy the constraint 'boolean'.
node_modules/expo-router/build/layouts/TabsClient.d.ts(81,194): error TS2344: Type 'unknown' does not satisfy the constraint 'boolean'.
node_modules/expo-router/build/layouts/TabsClient.d.ts(82,196): error TS2344: Type 'unknown' does not satisfy the constraint 'boolean'.
node_modules/expo-router/build/layouts/TabsClient.d.ts(109,210): error TS2344: Type 'unknown' does not satisfy the constraint 'boolean'.
node_modules/expo-router/build/layouts/TabsClient.d.ts(110,216): error TS2344: Type 'unknown' does not satisfy the constraint 'boolean'.
node_modules/expo-router/build/layouts/TabsClient.d.ts(111,212): error TS2344: Type 'unknown' does not satisfy the constraint 'boolean'.
node_modules/expo-router/build/layouts/TabsClient.d.ts(112,196): error TS2344: Type 'unknown' does not satisfy the constraint 'boolean'.
node_modules/expo-router/build/layouts/TabsClient.d.ts(113,194): error TS2344: Type 'unknown' does not satisfy the constraint 'boolean'.
node_modules/expo-router/build/layouts/TabsClient.d.ts(114,196): error TS2344: Type 'unknown' does not satisfy the constraint 'boolean'.
node_modules/expo-router/build/layouts/TabsClient.d.ts(121,210): error TS2344: Type 'unknown' does not satisfy the constraint 'boolean'.
node_modules/expo-router/build/layouts/TabsClient.d.ts(122,216): error TS2344: Type 'unknown' does not satisfy the constraint 'boolean'.
node_modules/expo-router/build/layouts/TabsClient.d.ts(123,212): error TS2344: Type 'unknown' does not satisfy the constraint 'boolean'.
node_modules/expo-router/build/layouts/TabsClient.d.ts(124,196): error TS2344: Type 'unknown' does not satisfy the constraint 'boolean'.
node_modules/expo-router/build/layouts/TabsClient.d.ts(125,194): error TS2344: Type 'unknown' does not satisfy the constraint 'boolean'.
node_modules/expo-router/build/layouts/TabsClient.d.ts(126,196): error TS2344: Type 'unknown' does not satisfy the constraint 'boolean'.
node_modules/expo-router/build/link/elements.d.ts(1,8): error TS1259: Module '"C:/Users/UNIPRO/Desktop/POS_Unipro/cafe_pos/node_modules/@types/react/index"' can only be default-imported using the 'esModuleInterop' flag
node_modules/expo-router/build/useScreens.d.ts(2,8): error TS1259: Module '"C:/Users/UNIPRO/Desktop/POS_Unipro/cafe_pos/node_modules/@types/react/index"' can only be default-imported using the 'esModuleInterop' flag
node_modules/expo-router/build/views/Sitemap.d.ts(2,8): error TS1259: Module '"C:/Users/UNIPRO/Desktop/POS_Unipro/cafe_pos/node_modules/@types/react/index"' can only be default-imported using the 'esModuleInterop' flag
node_modules/expo-router/build/views/Try.d.ts(1,8): error TS1259: Module '"C:/Users/UNIPRO/Desktop/POS_Unipro/cafe_pos/node_modules/@types/react/index"' can only be default-imported using the 'esModuleInterop' flag
node_modules/expo-router/build/views/Unmatched.d.ts(1,8): error TS1259: Module '"C:/Users/UNIPRO/Desktop/POS_Unipro/cafe_pos/node_modules/@types/react/index"' can only be default-imported using the 'esModuleInterop' flag
node_modules/react-native-screens/lib/typescript/components/bottom-tabs/BottomTabs.d.ts(1,8): error TS1259: Module '"C:/Users/UNIPRO/Desktop/POS_Unipro/cafe_pos/node_modules/@types/react/index"' can only be default-imported using the 'esModuleInterop' flag
node_modules/react-native-screens/lib/typescript/components/bottom-tabs/BottomTabsScreen.d.ts(1,8): error TS1259: Module '"C:/Users/UNIPRO/Desktop/POS_Unipro/cafe_pos/node_modules/@types/react/index"' can only be default-imported using the 'esModuleInterop' flag
node_modules/react-native-screens/lib/typescript/components/FullWindowOverlay.d.ts(1,8): error TS1259: Module '"C:/Users/UNIPRO/Desktop/POS_Unipro/cafe_pos/node_modules/@types/react/index"' can only be default-imported using the 'esModuleInterop' flag
node_modules/react-native-screens/lib/typescript/components/gamma/ScreenStackHost.d.ts(1,8): error TS1259: Module '"C:/Users/UNIPRO/Desktop/POS_Unipro/cafe_pos/node_modules/@types/react/index"' can only be default-imported using the 'esModuleInterop' flag
node_modules/react-native-screens/lib/typescript/components/gamma/SplitViewHost.d.ts(1,8): error TS1259: Module '"C:/Users/UNIPRO/Desktop/POS_Unipro/cafe_pos/node_modules/@types/react/index"' can only be default-imported using the 'esModuleInterop' flag
node_modules/react-native-screens/lib/typescript/components/gamma/SplitViewScreen.d.ts(1,8): error TS1259: Module '"C:/Users/UNIPRO/Desktop/POS_Unipro/cafe_pos/node_modules/@types/react/index"' can only be default-imported using the 'esModuleInterop' flag
node_modules/react-native-screens/lib/typescript/components/gamma/StackScreen.d.ts(1,8): error TS1259: Module '"C:/Users/UNIPRO/Desktop/POS_Unipro/cafe_pos/node_modules/@types/react/index"' can only be default-imported using the 'esModuleInterop' flag
node_modules/react-native-screens/lib/typescript/components/Screen.d.ts(1,8): error TS1259: Module '"C:/Users/UNIPRO/Desktop/POS_Unipro/cafe_pos/node_modules/@types/react/index"' can only be default-imported using the 'esModuleInterop' flag
node_modules/react-native-screens/lib/typescript/components/ScreenContainer.d.ts(1,8): error TS1259: Module '"C:/Users/UNIPRO/Desktop/POS_Unipro/cafe_pos/node_modules/@types/react/index"' can only be default-imported using the 'esModuleInterop' flag
node_modules/react-native-screens/lib/typescript/components/ScreenContentWrapper.d.ts(1,8): error TS1259: Module '"C:/Users/UNIPRO/Desktop/POS_Unipro/cafe_pos/node_modules/@types/react/index"' can only be default-imported using the 'esModuleInterop' flag
node_modules/react-native-screens/lib/typescript/components/ScreenFooter.d.ts(1,8): error TS1259: Module '"C:/Users/UNIPRO/Desktop/POS_Unipro/cafe_pos/node_modules/@types/react/index"' can only be default-imported using the 'esModuleInterop' flag
node_modules/react-native-screens/lib/typescript/components/ScreenStack.d.ts(1,8): error TS1259: Module '"C:/Users/UNIPRO/Desktop/POS_Unipro/cafe_pos/node_modules/@types/react/index"' can only be default-imported using the 'esModuleInterop' flag
node_modules/react-native-screens/lib/typescript/components/ScreenStackHeaderConfig.d.ts(1,8): error TS1259: Module '"C:/Users/UNIPRO/Desktop/POS_Unipro/cafe_pos/node_modules/@types/react/index"' can only be default-imported using the 'esModuleInterop' flag
node_modules/react-native-screens/lib/typescript/components/ScreenStackHeaderConfig.d.ts(7,79): error TS2503: Cannot find namespace 'JSX'.
node_modules/react-native-screens/lib/typescript/components/ScreenStackHeaderConfig.d.ts(8,72): error TS2503: Cannot find namespace 'JSX'.
node_modules/react-native-screens/lib/typescript/components/ScreenStackHeaderConfig.d.ts(9,71): error TS2503: Cannot find namespace 'JSX'.
node_modules/react-native-screens/lib/typescript/components/ScreenStackHeaderConfig.d.ts(10,73): error TS2503: Cannot find namespace 'JSX'.
node_modules/react-native-screens/lib/typescript/components/ScreenStackHeaderConfig.d.ts(11,76): error TS2503: Cannot find namespace 'JSX'.
node_modules/react-native-screens/lib/typescript/components/SearchBar.d.ts(1,8): error TS1259: Module '"C:/Users/UNIPRO/Desktop/POS_Unipro/cafe_pos/node_modules/@types/react/index"' can only be default-imported using the 'esModuleInterop' flag
node_modules/react-native-screens/lib/typescript/native-stack/types.d.ts(72,155): error TS2344: Type 'StackNavigationState<ParamList>' does not satisfy the constraint 'string'.
node_modules/react-native-screens/lib/typescript/native-stack/types.d.ts(537,41): error TS2314: Generic type 'DefaultNavigatorOptions' requires 6 type argument(s).
node_modules/react-native-screens/lib/typescript/native-stack/types.d.ts(541,37): error TS2314: Generic type 'Descriptor' requires 3 type argument(s).
node_modules/react-native-screens/lib/typescript/types.d.ts(1,8): error TS1259: Module '"C:/Users/UNIPRO/Desktop/POS_Unipro/cafe_pos/node_modules/@types/react/index"' can only be default-imported using the 'esModuleInterop' flag
node_modules/react-native/src/types/globals.d.ts(10,1): error TS6200: Definitions of the following identifiers conflict with those in another file: EndingType, BlobPart, BufferSource, FormData, RequestInfo, XMLHttpRequestResponseType, AbortSignal, AbortController
node_modules/react-native/src/types/globals.d.ts(166,7): error TS2403: Subsequent variable declarations must have the same type.  Variable 'Blob' must be of type '{ new (blobParts?: BlobPart[], options?: BlobPropertyBag): Blob; prototype: Blob; }', but here has type '{ new (blobParts?: (string | Blob)[], options?: BlobOptions): Blob; prototype: Blob; }'.
node_modules/react-native/src/types/globals.d.ts(180,7): error TS2403: Subsequent variable declarations must have the same type.  Variable 'File' must be of type '{ new (fileBits: BlobPart[], fileName: string, options?: FilePropertyBag): File; prototype: File; }', but here has type '{ new (fileParts: BlobPart[], name: string, options?: FilePropertyBag): File; prototype: File; }'.
node_modules/react-native/src/types/globals.d.ts(266,5): error TS2717: Subsequent property declarations must have the same type.  Property 'body' must be of type 'BodyInit', but here has type 'BodyInit_'.
node_modules/react-native/src/types/globals.d.ts(275,5): error TS2717: Subsequent property declarations must have the same type.  Property 'signal' must be of type 'AbortSignal', but here has type 'AbortSignal'.
node_modules/react-native/src/types/globals.d.ts(285,14): error TS2717: Subsequent property declarations must have the same type.  Property 'signal' must be of type 'AbortSignal', but here has type 'AbortSignal'.
node_modules/react-native/src/types/globals.d.ts(289,7): error TS2403: Subsequent variable declarations must have the same type.  Variable 'Request' must be of type '{ new (input: RequestInfo | URL, init?: RequestInit): Request; prototype: Request; }', but here has type '{ new (input: string | Request, init?: RequestInit): Request; prototype: Request; }'.
node_modules/react-native/src/types/globals.d.ts(313,7): error TS2403: Subsequent variable declarations must have the same type.  Variable 'Response' must be of type '{ new (body?: BodyInit, init?: ResponseInit): Response; prototype: Response; error(): Response; json(data: any, init?: ResponseInit): Response; redirect(url: string | URL, status?: number): Response; }', but here has type '{ new (body?: BodyInit_, init?: ResponseInit): Response; prototype: Response; error(): Response; json(data: any, init?: ResponseInit): Response; redirect: (url: string | URL, status?: number) => Response; }'.
node_modules/react-native/src/types/globals.d.ts(398,5): error TS2717: Subsequent property declarations must have the same type.  Property 'abort' must be of type 'ProgressEvent<XMLHttpRequestEventTarget>', but here has type 'ProgressEvent<EventTarget>'.
node_modules/react-native/src/types/globals.d.ts(399,5): error TS2717: Subsequent property declarations must have the same type.  Property 'error' must be of type 'ProgressEvent<XMLHttpRequestEventTarget>', but here has type 'ProgressEvent<EventTarget>'.
node_modules/react-native/src/types/globals.d.ts(400,5): error TS2717: Subsequent property declarations must have the same type.  Property 'load' must be of type 'ProgressEvent<XMLHttpRequestEventTarget>', but here has type 'ProgressEvent<EventTarget>'.
node_modules/react-native/src/types/globals.d.ts(401,5): error TS2717: Subsequent property declarations must have the same type.  Property 'loadend' must be of type 'ProgressEvent<XMLHttpRequestEventTarget>', but here has type 'ProgressEvent<EventTarget>'.
node_modules/react-native/src/types/globals.d.ts(402,5): error TS2717: Subsequent property declarations must have the same type.  Property 'loadstart' must be of type 'ProgressEvent<XMLHttpRequestEventTarget>', but here has type 'ProgressEvent<EventTarget>'.
node_modules/react-native/src/types/globals.d.ts(403,5): error TS2717: Subsequent property declarations must have the same type.  Property 'progress' must be of type 'ProgressEvent<XMLHttpRequestEventTarget>', but here has type 'ProgressEvent<EventTarget>'.
node_modules/react-native/src/types/globals.d.ts(404,5): error TS2717: Subsequent property declarations must have the same type.  Property 'timeout' must be of type 'ProgressEvent<XMLHttpRequestEventTarget>', but here has type 'ProgressEvent<EventTarget>'.
node_modules/react-native/src/types/globals.d.ts(471,7): error TS2403: Subsequent variable declarations must have the same type.  Variable 'URL' must be of type '{ new (url: string | URL, base?: string | URL): URL; prototype: URL; canParse(url: string | URL, base?: string | URL): boolean; createObjectURL(obj: Blob | MediaSource): string; parse(url: string | URL, base?: string | URL): URL; revokeObjectURL(url: string): void; }', but here has type '{ new (url: string | URL, base?: string | URL): URL; prototype: URL; createObjectURL(obj: Blob): string; revokeObjectURL(url: string): void; }'.
node_modules/react-native/src/types/globals.d.ts(534,5): error TS2717: Subsequent property declarations must have the same type.  Property 'onopen' must be of type '(this: WebSocket, ev: Event) => any', but here has type '() => void'.
node_modules/react-native/src/types/globals.d.ts(535,5): error TS2717: Subsequent property declarations must have the same type.  Property 'onmessage' must be of type '(this: WebSocket, ev: MessageEvent<any>) => any', but here has type '(event: WebSocketMessageEvent) => void'.
node_modules/react-native/src/types/globals.d.ts(536,5): error TS2717: Subsequent property declarations must have the same type.  Property 'onerror' must be of type '(this: WebSocket, ev: Event) => any', but here has type '(event: WebSocketErrorEvent) => void'.
node_modules/react-native/src/types/globals.d.ts(537,5): error TS2717: Subsequent property declarations must have the same type.  Property 'onclose' must be of type '(this: WebSocket, ev: CloseEvent) => any', but here has type '(event: WebSocketCloseEvent) => void'.
node_modules/react-native/src/types/globals.d.ts(538,5): error TS2717: Subsequent property declarations must have the same type.  Property 'addEventListener' must be of type '{ <K extends keyof WebSocketEventMap>(type: K, listener: (this: WebSocket, ev: WebSocketEventMap[K]) => any, options?: boolean | AddEventListenerOptions): void; (type: string, listener: EventListenerOrEventListenerObject, options?: boolean | AddEventListenerOptions): void; }', but here has type 'WebsocketEventListener'.
node_modules/react-native/src/types/globals.d.ts(539,5): error TS2717: Subsequent property declarations must have the same type.  Property 'removeEventListener' must be of type '{ <K extends keyof WebSocketEventMap>(type: K, listener: (this: WebSocket, ev: WebSocketEventMap[K]) => any, options?: boolean | EventListenerOptions): void; (type: string, listener: EventListenerOrEventListenerObject, options?: boolean | EventListenerOptions): void; }', but here has type 'WebsocketEventListener'.
node_modules/react-native/src/types/globals.d.ts(542,7): error TS2403: Subsequent variable declarations must have the same type.  Variable 'WebSocket' must be of type '{ new (url: string | URL, protocols?: string | string[]): WebSocket; prototype: WebSocket; readonly CONNECTING: 0; readonly OPEN: 1; readonly CLOSING: 2; readonly CLOSED: 3; }', but here has type '{ new (uri: string, protocols?: string | string[], options?: { [optionName: string]: any; headers: { [headerName: string]: string; }; }): WebSocket; prototype: WebSocket; readonly CLOSED: number; readonly CLOSING: number; readonly CONNECTING: number; readonly OPEN: number; }'.
node_modules/react-native/src/types/globals.d.ts(627,14): error TS2717: Subsequent property declarations must have the same type.  Property 'error' must be of type 'DOMException', but here has type 'Error'.
node_modules/react-native/src/types/globals.d.ts(640,14): error TS2717: Subsequent property declarations must have the same type.  Property 'readyState' must be of type '0 | 2 | 1', but here has type 'number'.
node_modules/typescript/lib/lib.dom.d.ts(23,1): error TS6200: Definitions of the following identifiers conflict with those in another file: EndingType, BlobPart, BufferSource, FormData, RequestInfo, XMLHttpRequestResponseType, AbortSignal, AbortController
node_modules/typescript/lib/lib.dom.d.ts(32640,11): error TS2430: Interface 'URL' incorrectly extends interface 'import("node:url").URL'.
  The types returned by 'searchParams[Symbol.iterator]()' are incompatible between these types.
    Property '[Symbol.dispose]' is missing in type 'IterableIterator<[string, string]>' but required in type 'URLSearchParamsIterator<[string, string]>'.
node_modules/typescript/lib/lib.dom.d.ts(32759,11): error TS2430: Interface 'URLSearchParams' incorrectly extends interface 'import("node:url").URLSearchParams'.
  The types returned by '[Symbol.iterator]()' are incompatible between these types.
    Property '[Symbol.dispose]' is missing in type 'IterableIterator<[string, string]>' but required in type 'URLSearchParamsIterator<[string, string]>'.
